============================= test session starts =============================
platform win32 -- Python 3.14.0, pytest-9.0.2, pluggy-1.6.0
rootdir: D:\VsCode\PhantomShield
plugins: anyio-4.12.1
collected 0 items / 7 errors

=================================== ERRORS ====================================
______________ ERROR collecting app/tests/test_phase1_session.py ______________
ImportError while importing test module 'D:\VsCode\PhantomShield\app\tests\test_phase1_session.py'.
Hint: make sure your test modules/packages have valid Python names.
Traceback:
C:\Users\Mayank Rawat\AppData\Local\Python\pythoncore-3.14-64\Lib\importlib\__init__.py:88: in import_module
    return _bootstrap._gcd_import(name[level:], package, level)
           ^^^^^^^^^^^^^^^^^^^^^^^^^^^^^^^^^^^^^^^^^^^^^^^^^^^^
app\tests\test_phase1_session.py:6: in <module>
    from app.core.auth import decode_identity_token
E   ModuleNotFoundError: No module named 'app'
_____________ ERROR collecting app/tests/test_phase2_products.py ______________
ImportError while importing test module 'D:\VsCode\PhantomShield\app\tests\test_phase2_products.py'.
Hint: make sure your test modules/packages have valid Python names.
Traceback:
C:\Users\Mayank Rawat\AppData\Local\Python\pythoncore-3.14-64\Lib\importlib\__init__.py:88: in import_module
    return _bootstrap._gcd_import(name[level:], package, level)
           ^^^^^^^^^^^^^^^^^^^^^^^^^^^^^^^^^^^^^^^^^^^^^^^^^^^^
app\tests\test_phase2_products.py:3: in <module>
    from app.main import app
E   ModuleNotFoundError: No module named 'app'
___________ ERROR collecting app/tests/test_phase3_cart_wishlist.py ___________
ImportError while importing test module 'D:\VsCode\PhantomShield\app\tests\test_phase3_cart_wishlist.py'.
Hint: make sure your test modules/packages have valid Python names.
Traceback:
C:\Users\Mayank Rawat\AppData\Local\Python\pythoncore-3.14-64\Lib\importlib\__init__.py:88: in import_module
    return _bootstrap._gcd_import(name[level:], package, level)
           ^^^^^^^^^^^^^^^^^^^^^^^^^^^^^^^^^^^^^^^^^^^^^^^^^^^^
app\tests\test_phase3_cart_wishlist.py:3: in <module>
    from app.main import app
E   ModuleNotFoundError: No module named 'app'
______________ ERROR collecting app/tests/test_phase4_orders.py _______________
ImportError while importing test module 'D:\VsCode\PhantomShield\app\tests\test_phase4_orders.py'.
Hint: make sure your test modules/packages have valid Python names.
Traceback:
C:\Users\Mayank Rawat\AppData\Local\Python\pythoncore-3.14-64\Lib\importlib\__init__.py:88: in import_module
    return _bootstrap._gcd_import(name[level:], package, level)
           ^^^^^^^^^^^^^^^^^^^^^^^^^^^^^^^^^^^^^^^^^^^^^^^^^^^^
app\tests\test_phase4_orders.py:3: in <module>
    from app.main import app
E   ModuleNotFoundError: No module named 'app'
_____________ ERROR collecting app/tests/test_phase5_forensics.py _____________
ImportError while importing test module 'D:\VsCode\PhantomShield\app\tests\test_phase5_forensics.py'.
Hint: make sure your test modules/packages have valid Python names.
Traceback:
C:\Users\Mayank Rawat\AppData\Local\Python\pythoncore-3.14-64\Lib\importlib\__init__.py:88: in import_module
    return _bootstrap._gcd_import(name[level:], package, level)
           ^^^^^^^^^^^^^^^^^^^^^^^^^^^^^^^^^^^^^^^^^^^^^^^^^^^^
app\tests\test_phase5_forensics.py:6: in <module>
    from app.forensics.sink import forensic_sink
E   ModuleNotFoundError: No module named 'app'
_________ ERROR collecting app/tests/test_phase7_decoy_integration.py _________
ImportError while importing test module 'D:\VsCode\PhantomShield\app\tests\test_phase7_decoy_integration.py'.
Hint: make sure your test modules/packages have valid Python names.
Traceback:
C:\Users\Mayank Rawat\AppData\Local\Python\pythoncore-3.14-64\Lib\importlib\__init__.py:88: in import_module
    return _bootstrap._gcd_import(name[level:], package, level)
           ^^^^^^^^^^^^^^^^^^^^^^^^^^^^^^^^^^^^^^^^^^^^^^^^^^^^
app\tests\test_phase7_decoy_integration.py:3: in <module>
    from app.core.auth import decode_identity_token
E   ModuleNotFoundError: No module named 'app'
__________________ ERROR collecting app/tests/test_routes.py __________________
ImportError while importing test module 'D:\VsCode\PhantomShield\app\tests\test_routes.py'.
Hint: make sure your test modules/packages have valid Python names.
Traceback:
C:\Users\Mayank Rawat\AppData\Local\Python\pythoncore-3.14-64\Lib\importlib\__init__.py:88: in import_module
    return _bootstrap._gcd_import(name[level:], package, level)
           ^^^^^^^^^^^^^^^^^^^^^^^^^^^^^^^^^^^^^^^^^^^^^^^^^^^^
app\tests\test_routes.py:2: in <module>
    from app.middleware.auth import get_current_user
E   ModuleNotFoundError: No module named 'app'
=========================== short test summary info ===========================
ERROR app/tests/test_phase1_session.py
ERROR app/tests/test_phase2_products.py
ERROR app/tests/test_phase3_cart_wishlist.py
ERROR app/tests/test_phase4_orders.py
ERROR app/tests/test_phase5_forensics.py
ERROR app/tests/test_phase7_decoy_integration.py
ERROR app/tests/test_routes.py
!!!!!!!!!!!!!!!!!!! Interrupted: 7 errors during collection !!!!!!!!!!!!!!!!!!!
============================== 7 errors in 0.87s ==============================
